
Err:

Error: An unexpected error occurred

runtime error: REPLACED ERROR
Environment:
Infracost cmd/infracost/run.go: needs merge cmd/infracost/testdata/breakdown_help/breakdown_help.golden: needs merge cmd/infracost/testdata/diff_help/diff_help.golden: needs merge cmd/infracost/testdata/flag_errors_config_file_and_terraform_workspace/flag_errors_config_file_and_terraform_workspace.golden: needs merge cmd/infracost/testdata/flag_errors_no_path/flag_errors_no_path.golden: needs merge cmd/infracost/testdata/flag_errors_path_and_config_file/flag_errors_path_and_config_file.golden: needs merge v0.9.22+16-gf2c2a448-dirty

An unexpected error occurred. We've been notified of it and will investigate it soon. If you would like to follow-up, please copy the above output and create an issue at: https://github.com/infracost/infracost/issues/new
